<!DOCTYPE html><html lang="en"><body><h1>Hello, World!</h1><p>This is a paragraph <a>with a link</a> inside</p><p>this is a paragraph with a comment inside</p></body></html>